MPLINK 5.01, LINKER
Linker Map File - Created Thu Apr 24 07:55:26 2014

                                 Section Info
                  Section       Type    Address   Location Size(Bytes)
                ---------  ---------  ---------  ---------  ---------
                   .org_0       code   0x000000    program   0x000024
                   .cinit    romdata   0x000012    program   0x000004
                   .org_1       code   0x000030    program   0x00019a
.config_2007_BUILD/DEFAULT/PRODUCTION/FLAPPY.       code   0x002007    program   0x000002
.config_2008_BUILD/DEFAULT/PRODUCTION/FLAPPY.       code   0x002008    program   0x000002



                              Program Memory Usage 
                               Start         End      
                           ---------   ---------      
                            0x000000    0x000013      
                            0x000030    0x0000fc      
                            0x002007    0x002008      
            227 out of 8455 program addresses used, program memory utilization is 2%



                              Symbols - Sorted by Name
                     Name    Address   Location    Storage File                     
                ---------  ---------  ---------  --------- ---------                
                    Delay   0x00005c    program     static /home/frank/MPLABXProjects/flappybird.X/flappy.asm
                  Delay_0   0x000060    program     static /home/frank/MPLABXProjects/flappybird.X/flappy.asm
                 Display1   0x000066    program     static /home/frank/MPLABXProjects/flappybird.X/flappy.asm
                 Display2   0x000093    program     static /home/frank/MPLABXProjects/flappybird.X/flappy.asm
                 Display3   0x0000c1    program     static /home/frank/MPLABXProjects/flappybird.X/flappy.asm
                     LOSE   0x00004c    program     static /home/frank/MPLABXProjects/flappybird.X/flappy.asm
             _.org_1_0061   0x000061    program     static /home/frank/MPLABXProjects/flappybird.X/flappy.asm
             _.org_1_0064   0x000064    program     static /home/frank/MPLABXProjects/flappybird.X/flappy.asm
                   button   0x00003b    program     static /home/frank/MPLABXProjects/flappybird.X/flappy.asm
                   check1   0x0000ee    program     static /home/frank/MPLABXProjects/flappybird.X/flappy.asm
                   check2   0x0000f3    program     static /home/frank/MPLABXProjects/flappybird.X/flappy.asm
                   check3   0x0000f8    program     static /home/frank/MPLABXProjects/flappybird.X/flappy.asm
                   flappy   0x000048    program     static /home/frank/MPLABXProjects/flappybird.X/flappy.asm
                     main   0x000031    program     static /home/frank/MPLABXProjects/flappybird.X/flappy.asm
                  restore   0x000056    program     static /home/frank/MPLABXProjects/flappybird.X/flappy.asm



                              Symbols - Sorted by Address
                     Name    Address   Location    Storage File                     
                ---------  ---------  ---------  --------- ---------                
                     main   0x000031    program     static /home/frank/MPLABXProjects/flappybird.X/flappy.asm
                   button   0x00003b    program     static /home/frank/MPLABXProjects/flappybird.X/flappy.asm
                   flappy   0x000048    program     static /home/frank/MPLABXProjects/flappybird.X/flappy.asm
                     LOSE   0x00004c    program     static /home/frank/MPLABXProjects/flappybird.X/flappy.asm
                  restore   0x000056    program     static /home/frank/MPLABXProjects/flappybird.X/flappy.asm
                    Delay   0x00005c    program     static /home/frank/MPLABXProjects/flappybird.X/flappy.asm
                  Delay_0   0x000060    program     static /home/frank/MPLABXProjects/flappybird.X/flappy.asm
             _.org_1_0061   0x000061    program     static /home/frank/MPLABXProjects/flappybird.X/flappy.asm
             _.org_1_0064   0x000064    program     static /home/frank/MPLABXProjects/flappybird.X/flappy.asm
                 Display1   0x000066    program     static /home/frank/MPLABXProjects/flappybird.X/flappy.asm
                 Display2   0x000093    program     static /home/frank/MPLABXProjects/flappybird.X/flappy.asm
                 Display3   0x0000c1    program     static /home/frank/MPLABXProjects/flappybird.X/flappy.asm
                   check1   0x0000ee    program     static /home/frank/MPLABXProjects/flappybird.X/flappy.asm
                   check2   0x0000f3    program     static /home/frank/MPLABXProjects/flappybird.X/flappy.asm
                   check3   0x0000f8    program     static /home/frank/MPLABXProjects/flappybird.X/flappy.asm


