MPLINK 5.01, LINKER
Linker Map File - Created Fri Mar 14 17:38:16 2014

                                 Section Info
                  Section       Type    Address   Location Size(Bytes)
                ---------  ---------  ---------  ---------  ---------
                   .org_0       code   0x000000    program   0x0000d2
                   .cinit    romdata   0x000069    program   0x000004
.config_2007_BUILD/DEFAULT/DEBUG/KEYBOARDTODU       code   0x002007    program   0x000002



                              Program Memory Usage 
                               Start         End      
                           ---------   ---------      
                            0x000000    0x00006a      
                            0x002007    0x002007      
            108 out of 8455 program addresses used, program memory utilization is 1%



                              Symbols - Sorted by Name
                     Name    Address   Location    Storage File                     
                ---------  ---------  ---------  --------- ---------                
                    COPIA   0x000066    program     static /home/frank/MPLABXProjects/keyboarddualdisplay.X/keyboardtodual.asm
                     DEC0   0x00003e    program     static /home/frank/MPLABXProjects/keyboarddualdisplay.X/keyboardtodual.asm
                     DEC1   0x000042    program     static /home/frank/MPLABXProjects/keyboarddualdisplay.X/keyboardtodual.asm
                     DEC2   0x000046    program     static /home/frank/MPLABXProjects/keyboarddualdisplay.X/keyboardtodual.asm
                     DEC3   0x00004a    program     static /home/frank/MPLABXProjects/keyboarddualdisplay.X/keyboardtodual.asm
                     DEC4   0x00004e    program     static /home/frank/MPLABXProjects/keyboarddualdisplay.X/keyboardtodual.asm
                     DEC5   0x000052    program     static /home/frank/MPLABXProjects/keyboarddualdisplay.X/keyboardtodual.asm
                     DEC6   0x000056    program     static /home/frank/MPLABXProjects/keyboarddualdisplay.X/keyboardtodual.asm
                     DEC7   0x00005a    program     static /home/frank/MPLABXProjects/keyboarddualdisplay.X/keyboardtodual.asm
                     DEC8   0x00005e    program     static /home/frank/MPLABXProjects/keyboarddualdisplay.X/keyboardtodual.asm
                     DEC9   0x000062    program     static /home/frank/MPLABXProjects/keyboarddualdisplay.X/keyboardtodual.asm
                    DELAY   0x000039    program     static /home/frank/MPLABXProjects/keyboarddualdisplay.X/keyboardtodual.asm
                    FILA1   0x00000f    program     static /home/frank/MPLABXProjects/keyboarddualdisplay.X/keyboardtodual.asm
                    FILA2   0x00001b    program     static /home/frank/MPLABXProjects/keyboarddualdisplay.X/keyboardtodual.asm
                    FILA3   0x000027    program     static /home/frank/MPLABXProjects/keyboarddualdisplay.X/keyboardtodual.asm
                    FILA4   0x000033    program     static /home/frank/MPLABXProjects/keyboarddualdisplay.X/keyboardtodual.asm
                    LOOP1   0x000039    program     static /home/frank/MPLABXProjects/keyboarddualdisplay.X/keyboardtodual.asm
                    LOOP2   0x00003b    program     static /home/frank/MPLABXProjects/keyboarddualdisplay.X/keyboardtodual.asm
                    START   0x000008    program     static /home/frank/MPLABXProjects/keyboarddualdisplay.X/keyboardtodual.asm
                    print   0x000008    program     static /home/frank/MPLABXProjects/keyboarddualdisplay.X/keyboardtodual.asm



                              Symbols - Sorted by Address
                     Name    Address   Location    Storage File                     
                ---------  ---------  ---------  --------- ---------                
                    print   0x000008    program     static /home/frank/MPLABXProjects/keyboarddualdisplay.X/keyboardtodual.asm
                    START   0x000008    program     static /home/frank/MPLABXProjects/keyboarddualdisplay.X/keyboardtodual.asm
                    FILA1   0x00000f    program     static /home/frank/MPLABXProjects/keyboarddualdisplay.X/keyboardtodual.asm
                    FILA2   0x00001b    program     static /home/frank/MPLABXProjects/keyboarddualdisplay.X/keyboardtodual.asm
                    FILA3   0x000027    program     static /home/frank/MPLABXProjects/keyboarddualdisplay.X/keyboardtodual.asm
                    FILA4   0x000033    program     static /home/frank/MPLABXProjects/keyboarddualdisplay.X/keyboardtodual.asm
                    LOOP1   0x000039    program     static /home/frank/MPLABXProjects/keyboarddualdisplay.X/keyboardtodual.asm
                    DELAY   0x000039    program     static /home/frank/MPLABXProjects/keyboarddualdisplay.X/keyboardtodual.asm
                    LOOP2   0x00003b    program     static /home/frank/MPLABXProjects/keyboarddualdisplay.X/keyboardtodual.asm
                     DEC0   0x00003e    program     static /home/frank/MPLABXProjects/keyboarddualdisplay.X/keyboardtodual.asm
                     DEC1   0x000042    program     static /home/frank/MPLABXProjects/keyboarddualdisplay.X/keyboardtodual.asm
                     DEC2   0x000046    program     static /home/frank/MPLABXProjects/keyboarddualdisplay.X/keyboardtodual.asm
                     DEC3   0x00004a    program     static /home/frank/MPLABXProjects/keyboarddualdisplay.X/keyboardtodual.asm
                     DEC4   0x00004e    program     static /home/frank/MPLABXProjects/keyboarddualdisplay.X/keyboardtodual.asm
                     DEC5   0x000052    program     static /home/frank/MPLABXProjects/keyboarddualdisplay.X/keyboardtodual.asm
                     DEC6   0x000056    program     static /home/frank/MPLABXProjects/keyboarddualdisplay.X/keyboardtodual.asm
                     DEC7   0x00005a    program     static /home/frank/MPLABXProjects/keyboarddualdisplay.X/keyboardtodual.asm
                     DEC8   0x00005e    program     static /home/frank/MPLABXProjects/keyboarddualdisplay.X/keyboardtodual.asm
                     DEC9   0x000062    program     static /home/frank/MPLABXProjects/keyboarddualdisplay.X/keyboardtodual.asm
                    COPIA   0x000066    program     static /home/frank/MPLABXProjects/keyboarddualdisplay.X/keyboardtodual.asm


